// Vitest Snapshot v1, https://vitest.dev/guide/snapshot.html

exports[`recommendation code resolution > resolves the same codes for every organisation and language combination 1`] = `
{
  "414 lang=en primary=fi spec=neutral": [
    "KK-ENERI",
    "KK-ENG301",
    "KK-ENG302",
    "KK-ENG303",
    "KK-ENKAIKKI",
    "KK-ENKAIKKI1/2",
    "KK-ENLAAK",
  ],
  "414 lang=en primary=fi spec=spoken": [
    "KK-ENERI",
    "KK-ENG301",
    "KK-ENG302",
    "KK-ENG303",
    "KK-ENKAIKKI",
    "KK-ENKAIKKI1/2",
    "KK-ENLAAK",
  ],
  "414 lang=en primary=fi spec=written": [
    "KK-ENERI",
    "KK-ENG301",
    "KK-ENG302",
    "KK-ENG303",
    "KK-ENKAIKKI",
    "KK-ENKAIKKI1/2",
    "KK-ENLAAK",
  ],
  "414 lang=en primary=fi spec=writtenAndSpoken": [
    "KK-ENERI",
    "KK-ENG301",
    "KK-ENG302",
    "KK-ENG303",
    "KK-ENKAIKKI",
    "KK-ENKAIKKI1/2",
    "KK-ENLAAK",
  ],
  "414 lang=en primary=sv spec=neutral": [
    "KK-ENERI",
    "KK-ENG301",
    "KK-ENG302",
    "KK-ENG303",
    "KK-ENKAIKKI",
    "KK-ENKAIKKI1/2",
    "KK-ENLAAK",
  ],
  "414 lang=en primary=sv spec=spoken": [
    "KK-ENERI",
    "KK-ENG301",
    "KK-ENG302",
    "KK-ENG303",
    "KK-ENKAIKKI",
    "KK-ENKAIKKI1/2",
    "KK-ENLAAK",
  ],
  "414 lang=en primary=sv spec=written": [
    "KK-ENERI",
    "KK-ENG301",
    "KK-ENG302",
    "KK-ENG303",
    "KK-ENKAIKKI",
    "KK-ENKAIKKI1/2",
    "KK-ENLAAK",
  ],
  "414 lang=en primary=sv spec=writtenAndSpoken": [
    "KK-ENERI",
    "KK-ENG301",
    "KK-ENG302",
    "KK-ENG303",
    "KK-ENKAIKKI",
    "KK-ENKAIKKI1/2",
    "KK-ENLAAK",
  ],
  "414 lang=fi primary=fi spec=neutral": [],
  "414 lang=fi primary=fi spec=spoken": [
    "KK-AIAKVU2OP",
    "KK-AIAKVUERI",
  ],
  "414 lang=fi primary=fi spec=written": [
    "KK-AIAKTE1OP",
  ],
  "414 lang=fi primary=fi spec=writtenAndSpoken": [
    "KK-AIAKTE1OP",
    "KK-AIAKVU2OP",
    "KK-AIAKVUERI",
  ],
  "414 lang=fi primary=sv spec=neutral": [
    "KK-FIN01",
    "KK-FIN02",
    "KK-FIN08",
    "KK-FINMU",
  ],
  "414 lang=fi primary=sv spec=spoken": [
    "KK-FIN01",
    "KK-FIN02",
    "KK-FIN08",
    "KK-FINMU",
  ],
  "414 lang=fi primary=sv spec=written": [
    "KK-FIN01",
    "KK-FIN02",
    "KK-FIN08",
    "KK-FINMU",
  ],
  "414 lang=fi primary=sv spec=writtenAndSpoken": [
    "KK-FIN01",
    "KK-FIN02",
    "KK-FIN08",
    "KK-FINMU",
  ],
  "414 lang=sv primary=fi spec=neutral": [
    "KK-RUERI",
    "KK-RUKAIKKI",
    "KK-RULAAK",
    "KK-RUO204",
    "KK-RUO205",
    "KK-RUO206",
  ],
  "414 lang=sv primary=fi spec=spoken": [
    "KK-RUERI",
    "KK-RUKAIKKI",
    "KK-RULAAK",
    "KK-RUO204",
    "KK-RUO205",
    "KK-RUO206",
  ],
  "414 lang=sv primary=fi spec=written": [
    "KK-RUERI",
    "KK-RUKAIKKI",
    "KK-RULAAK",
    "KK-RUO204",
    "KK-RUO205",
    "KK-RUO206",
  ],
  "414 lang=sv primary=fi spec=writtenAndSpoken": [
    "KK-RUERI",
    "KK-RUKAIKKI",
    "KK-RULAAK",
    "KK-RUO204",
    "KK-RUO205",
    "KK-RUO206",
  ],
  "414 lang=sv primary=sv spec=neutral": [],
  "414 lang=sv primary=sv spec=spoken": [
    "KK-MOAKKO2SP",
  ],
  "414 lang=sv primary=sv spec=written": [
    "KK-MOAKSK1SP",
  ],
  "414 lang=sv primary=sv spec=writtenAndSpoken": [
    "KK-MOAKKO2SP",
    "KK-MOAKSK1SP",
  ],
  "4141 lang=en primary=fi spec=neutral": [
    "KK-ENERI",
    "KK-ENG301",
    "KK-ENG302",
    "KK-ENG303",
    "KK-ENKAIKKI",
    "KK-ENKAIKKI1/2",
    "KK-ENLAAK",
  ],
  "4141 lang=en primary=fi spec=spoken": [
    "KK-ENERI",
    "KK-ENG301",
    "KK-ENG302",
    "KK-ENG303",
    "KK-ENKAIKKI",
    "KK-ENKAIKKI1/2",
    "KK-ENLAAK",
  ],
  "4141 lang=en primary=fi spec=written": [
    "KK-ENERI",
    "KK-ENG301",
    "KK-ENG302",
    "KK-ENG303",
    "KK-ENKAIKKI",
    "KK-ENKAIKKI1/2",
    "KK-ENLAAK",
  ],
  "4141 lang=en primary=fi spec=writtenAndSpoken": [
    "KK-ENERI",
    "KK-ENG301",
    "KK-ENG302",
    "KK-ENG303",
    "KK-ENKAIKKI",
    "KK-ENKAIKKI1/2",
    "KK-ENLAAK",
  ],
  "4141 lang=en primary=sv spec=neutral": [
    "KK-ENERI",
    "KK-ENG301",
    "KK-ENG302",
    "KK-ENG303",
    "KK-ENKAIKKI",
    "KK-ENKAIKKI1/2",
    "KK-ENLAAK",
  ],
  "4141 lang=en primary=sv spec=spoken": [
    "KK-ENERI",
    "KK-ENG301",
    "KK-ENG302",
    "KK-ENG303",
    "KK-ENKAIKKI",
    "KK-ENKAIKKI1/2",
    "KK-ENLAAK",
  ],
  "4141 lang=en primary=sv spec=written": [
    "KK-ENERI",
    "KK-ENG301",
    "KK-ENG302",
    "KK-ENG303",
    "KK-ENKAIKKI",
    "KK-ENKAIKKI1/2",
    "KK-ENLAAK",
  ],
  "4141 lang=en primary=sv spec=writtenAndSpoken": [
    "KK-ENERI",
    "KK-ENG301",
    "KK-ENG302",
    "KK-ENG303",
    "KK-ENKAIKKI",
    "KK-ENKAIKKI1/2",
    "KK-ENLAAK",
  ],
  "4141 lang=fi primary=fi spec=neutral": [],
  "4141 lang=fi primary=fi spec=spoken": [
    "KK-AIAKVU2OP",
    "KK-AIAKVUERI",
  ],
  "4141 lang=fi primary=fi spec=written": [
    "KK-AIAKTE1OP",
  ],
  "4141 lang=fi primary=fi spec=writtenAndSpoken": [
    "KK-AIAKTE1OP",
    "KK-AIAKVU2OP",
    "KK-AIAKVUERI",
  ],
  "4141 lang=fi primary=sv spec=neutral": [
    "KK-FIN01",
    "KK-FIN02",
    "KK-FIN08",
    "KK-FINMU",
  ],
  "4141 lang=fi primary=sv spec=spoken": [
    "KK-FIN01",
    "KK-FIN02",
    "KK-FIN08",
    "KK-FINMU",
  ],
  "4141 lang=fi primary=sv spec=written": [
    "KK-FIN01",
    "KK-FIN02",
    "KK-FIN08",
    "KK-FINMU",
  ],
  "4141 lang=fi primary=sv spec=writtenAndSpoken": [
    "KK-FIN01",
    "KK-FIN02",
    "KK-FIN08",
    "KK-FINMU",
  ],
  "4141 lang=sv primary=fi spec=neutral": [
    "KK-RUERI",
    "KK-RUKAIKKI",
    "KK-RULAAK",
    "KK-RUO204",
    "KK-RUO205",
    "KK-RUO206",
  ],
  "4141 lang=sv primary=fi spec=spoken": [
    "KK-RUERI",
    "KK-RUKAIKKI",
    "KK-RULAAK",
    "KK-RUO204",
    "KK-RUO205",
    "KK-RUO206",
  ],
  "4141 lang=sv primary=fi spec=written": [
    "KK-RUERI",
    "KK-RUKAIKKI",
    "KK-RULAAK",
    "KK-RUO204",
    "KK-RUO205",
    "KK-RUO206",
  ],
  "4141 lang=sv primary=fi spec=writtenAndSpoken": [
    "KK-RUERI",
    "KK-RUKAIKKI",
    "KK-RULAAK",
    "KK-RUO204",
    "KK-RUO205",
    "KK-RUO206",
  ],
  "4141 lang=sv primary=sv spec=neutral": [],
  "4141 lang=sv primary=sv spec=spoken": [
    "KK-MOAKKO2SP",
  ],
  "4141 lang=sv primary=sv spec=written": [
    "KK-MOAKSK1SP",
  ],
  "4141 lang=sv primary=sv spec=writtenAndSpoken": [
    "KK-MOAKKO2SP",
    "KK-MOAKSK1SP",
  ],
  "H10 lang=en primary=fi spec=neutral": [
    "KK-ENERI",
    "KK-ENG301",
    "KK-ENG302",
    "KK-ENG303",
    "KK-ENKAIKKI",
    "KK-ENKAIKKI1/2",
    "KK-ENTEOL",
  ],
  "H10 lang=en primary=fi spec=spoken": [
    "KK-ENERI",
    "KK-ENG301",
    "KK-ENG302",
    "KK-ENG303",
    "KK-ENKAIKKI",
    "KK-ENKAIKKI1/2",
    "KK-ENTEOL",
  ],
  "H10 lang=en primary=fi spec=written": [
    "KK-ENERI",
    "KK-ENG301",
    "KK-ENG302",
    "KK-ENG303",
    "KK-ENKAIKKI",
    "KK-ENKAIKKI1/2",
    "KK-ENTEOL",
  ],
  "H10 lang=en primary=fi spec=writtenAndSpoken": [
    "KK-ENERI",
    "KK-ENG301",
    "KK-ENG302",
    "KK-ENG303",
    "KK-ENKAIKKI",
    "KK-ENKAIKKI1/2",
    "KK-ENTEOL",
  ],
  "H10 lang=en primary=sv spec=neutral": [
    "KK-ENERI",
    "KK-ENG301",
    "KK-ENG302",
    "KK-ENG303",
    "KK-ENKAIKKI",
    "KK-ENKAIKKI1/2",
    "KK-ENTEOL",
  ],
  "H10 lang=en primary=sv spec=spoken": [
    "KK-ENERI",
    "KK-ENG301",
    "KK-ENG302",
    "KK-ENG303",
    "KK-ENKAIKKI",
    "KK-ENKAIKKI1/2",
    "KK-ENTEOL",
  ],
  "H10 lang=en primary=sv spec=written": [
    "KK-ENERI",
    "KK-ENG301",
    "KK-ENG302",
    "KK-ENG303",
    "KK-ENKAIKKI",
    "KK-ENKAIKKI1/2",
    "KK-ENTEOL",
  ],
  "H10 lang=en primary=sv spec=writtenAndSpoken": [
    "KK-ENERI",
    "KK-ENG301",
    "KK-ENG302",
    "KK-ENG303",
    "KK-ENKAIKKI",
    "KK-ENKAIKKI1/2",
    "KK-ENTEOL",
  ],
  "H10 lang=fi primary=fi spec=neutral": [],
  "H10 lang=fi primary=fi spec=spoken": [
    "KK-AIAKVU1OP",
    "KK-AIAKVUERI",
  ],
  "H10 lang=fi primary=fi spec=written": [
    "KK-AIAKTE2OP",
  ],
  "H10 lang=fi primary=fi spec=writtenAndSpoken": [
    "KK-AIAKTE2OP",
    "KK-AIAKVU1OP",
    "KK-AIAKVUERI",
  ],
  "H10 lang=fi primary=sv spec=neutral": [
    "KK-FIN01",
    "KK-FIN02",
    "KK-FIN08",
    "KK-FINMU",
  ],
  "H10 lang=fi primary=sv spec=spoken": [
    "KK-FIN01",
    "KK-FIN02",
    "KK-FIN08",
    "KK-FINMU",
  ],
  "H10 lang=fi primary=sv spec=written": [
    "KK-FIN01",
    "KK-FIN02",
    "KK-FIN08",
    "KK-FINMU",
  ],
  "H10 lang=fi primary=sv spec=writtenAndSpoken": [
    "KK-FIN01",
    "KK-FIN02",
    "KK-FIN08",
    "KK-FINMU",
  ],
  "H10 lang=sv primary=fi spec=neutral": [
    "KK-RUERI",
    "KK-RUKAIKKI",
    "KK-RUO204",
    "KK-RUO205",
    "KK-RUO206",
    "KK-RUTEOL",
  ],
  "H10 lang=sv primary=fi spec=spoken": [
    "KK-RUERI",
    "KK-RUKAIKKI",
    "KK-RUO204",
    "KK-RUO205",
    "KK-RUO206",
    "KK-RUTEOL",
  ],
  "H10 lang=sv primary=fi spec=written": [
    "KK-RUERI",
    "KK-RUKAIKKI",
    "KK-RUO204",
    "KK-RUO205",
    "KK-RUO206",
    "KK-RUTEOL",
  ],
  "H10 lang=sv primary=fi spec=writtenAndSpoken": [
    "KK-RUERI",
    "KK-RUKAIKKI",
    "KK-RUO204",
    "KK-RUO205",
    "KK-RUO206",
    "KK-RUTEOL",
  ],
  "H10 lang=sv primary=sv spec=neutral": [],
  "H10 lang=sv primary=sv spec=spoken": [
    "KK-MOAKKO1SP",
  ],
  "H10 lang=sv primary=sv spec=written": [
    "KK-MOAKSK2SP",
  ],
  "H10 lang=sv primary=sv spec=writtenAndSpoken": [
    "KK-MOAKKO1SP",
    "KK-MOAKSK2SP",
  ],
  "H20 lang=en primary=fi spec=neutral": [
    "KK-ENERI",
    "KK-ENG301",
    "KK-ENG302",
    "KK-ENG303",
    "KK-ENKAIKKI",
    "KK-ENKAIKKI1/2",
    "KK-ENOIK",
  ],
  "H20 lang=en primary=fi spec=spoken": [
    "KK-ENERI",
    "KK-ENG301",
    "KK-ENG302",
    "KK-ENG303",
    "KK-ENKAIKKI",
    "KK-ENKAIKKI1/2",
    "KK-ENOIK",
  ],
  "H20 lang=en primary=fi spec=written": [
    "KK-ENERI",
    "KK-ENG301",
    "KK-ENG302",
    "KK-ENG303",
    "KK-ENKAIKKI",
    "KK-ENKAIKKI1/2",
    "KK-ENOIK",
  ],
  "H20 lang=en primary=fi spec=writtenAndSpoken": [
    "KK-ENERI",
    "KK-ENG301",
    "KK-ENG302",
    "KK-ENG303",
    "KK-ENKAIKKI",
    "KK-ENKAIKKI1/2",
    "KK-ENOIK",
  ],
  "H20 lang=en primary=sv spec=neutral": [
    "KK-ENERI",
    "KK-ENG301",
    "KK-ENG302",
    "KK-ENG303",
    "KK-ENKAIKKI",
    "KK-ENKAIKKI1/2",
    "KK-ENOIK",
  ],
  "H20 lang=en primary=sv spec=spoken": [
    "KK-ENERI",
    "KK-ENG301",
    "KK-ENG302",
    "KK-ENG303",
    "KK-ENKAIKKI",
    "KK-ENKAIKKI1/2",
    "KK-ENOIK",
  ],
  "H20 lang=en primary=sv spec=written": [
    "KK-ENERI",
    "KK-ENG301",
    "KK-ENG302",
    "KK-ENG303",
    "KK-ENKAIKKI",
    "KK-ENKAIKKI1/2",
    "KK-ENOIK",
  ],
  "H20 lang=en primary=sv spec=writtenAndSpoken": [
    "KK-ENERI",
    "KK-ENG301",
    "KK-ENG302",
    "KK-ENG303",
    "KK-ENKAIKKI",
    "KK-ENKAIKKI1/2",
    "KK-ENOIK",
  ],
  "H20 lang=fi primary=fi spec=neutral": [],
  "H20 lang=fi primary=fi spec=spoken": [
    "KK-AIAKVU1OP",
    "KK-AIAKVUERI",
  ],
  "H20 lang=fi primary=fi spec=written": [
    "KK-AIAKTE2OP",
  ],
  "H20 lang=fi primary=fi spec=writtenAndSpoken": [
    "KK-AIAKTE2OP",
    "KK-AIAKVU1OP",
    "KK-AIAKVUERI",
  ],
  "H20 lang=fi primary=sv spec=neutral": [
    "KK-FIN01",
    "KK-FIN02",
    "KK-FIN08",
    "KK-FINMU",
  ],
  "H20 lang=fi primary=sv spec=spoken": [
    "KK-FIN01",
    "KK-FIN02",
    "KK-FIN08",
    "KK-FINMU",
  ],
  "H20 lang=fi primary=sv spec=written": [
    "KK-FIN01",
    "KK-FIN02",
    "KK-FIN08",
    "KK-FINMU",
  ],
  "H20 lang=fi primary=sv spec=writtenAndSpoken": [
    "KK-FIN01",
    "KK-FIN02",
    "KK-FIN08",
    "KK-FINMU",
  ],
  "H20 lang=sv primary=fi spec=neutral": [
    "KK-RUERI",
    "KK-RUKAIKKI",
    "KK-RUO204",
    "KK-RUO205",
    "KK-RUO206",
    "KK-RUOIK",
  ],
  "H20 lang=sv primary=fi spec=spoken": [
    "KK-RUERI",
    "KK-RUKAIKKI",
    "KK-RUO204",
    "KK-RUO205",
    "KK-RUO206",
    "KK-RUOIK",
  ],
  "H20 lang=sv primary=fi spec=written": [
    "KK-RUERI",
    "KK-RUKAIKKI",
    "KK-RUO204",
    "KK-RUO205",
    "KK-RUO206",
    "KK-RUOIK",
  ],
  "H20 lang=sv primary=fi spec=writtenAndSpoken": [
    "KK-RUERI",
    "KK-RUKAIKKI",
    "KK-RUO204",
    "KK-RUO205",
    "KK-RUO206",
    "KK-RUOIK",
  ],
  "H20 lang=sv primary=sv spec=neutral": [],
  "H20 lang=sv primary=sv spec=spoken": [
    "KK-MOAKKO1SP",
  ],
  "H20 lang=sv primary=sv spec=written": [
    "KK-MOAKSK2SP",
  ],
  "H20 lang=sv primary=sv spec=writtenAndSpoken": [
    "KK-MOAKKO1SP",
    "KK-MOAKSK2SP",
  ],
  "H30 lang=en primary=fi spec=neutral": [
    "KK-ENERI",
    "KK-ENG301",
    "KK-ENG302",
    "KK-ENG303",
    "KK-ENKAIKKI",
    "KK-ENKAIKKI1/2",
    "KK-ENLAAK",
    "KK-ENLAAK1",
    "KK-ENLAAK2",
  ],
  "H30 lang=en primary=fi spec=spoken": [
    "KK-ENERI",
    "KK-ENG301",
    "KK-ENG302",
    "KK-ENG303",
    "KK-ENKAIKKI",
    "KK-ENKAIKKI1/2",
    "KK-ENLAAK",
    "KK-ENLAAK1",
    "KK-ENLAAK2",
  ],
  "H30 lang=en primary=fi spec=written": [
    "KK-ENERI",
    "KK-ENG301",
    "KK-ENG302",
    "KK-ENG303",
    "KK-ENKAIKKI",
    "KK-ENKAIKKI1/2",
    "KK-ENLAAK",
    "KK-ENLAAK1",
    "KK-ENLAAK2",
  ],
  "H30 lang=en primary=fi spec=writtenAndSpoken": [
    "KK-ENERI",
    "KK-ENG301",
    "KK-ENG302",
    "KK-ENG303",
    "KK-ENKAIKKI",
    "KK-ENKAIKKI1/2",
    "KK-ENLAAK",
    "KK-ENLAAK1",
    "KK-ENLAAK2",
  ],
  "H30 lang=en primary=sv spec=neutral": [
    "KK-ENERI",
    "KK-ENG301",
    "KK-ENG302",
    "KK-ENG303",
    "KK-ENKAIKKI",
    "KK-ENKAIKKI1/2",
    "KK-ENLAAK",
    "KK-ENLAAK1",
    "KK-ENLAAK2",
  ],
  "H30 lang=en primary=sv spec=spoken": [
    "KK-ENERI",
    "KK-ENG301",
    "KK-ENG302",
    "KK-ENG303",
    "KK-ENKAIKKI",
    "KK-ENKAIKKI1/2",
    "KK-ENLAAK",
    "KK-ENLAAK1",
    "KK-ENLAAK2",
  ],
  "H30 lang=en primary=sv spec=written": [
    "KK-ENERI",
    "KK-ENG301",
    "KK-ENG302",
    "KK-ENG303",
    "KK-ENKAIKKI",
    "KK-ENKAIKKI1/2",
    "KK-ENLAAK",
    "KK-ENLAAK1",
    "KK-ENLAAK2",
  ],
  "H30 lang=en primary=sv spec=writtenAndSpoken": [
    "KK-ENERI",
    "KK-ENG301",
    "KK-ENG302",
    "KK-ENG303",
    "KK-ENKAIKKI",
    "KK-ENKAIKKI1/2",
    "KK-ENLAAK",
    "KK-ENLAAK1",
    "KK-ENLAAK2",
  ],
  "H30 lang=fi primary=fi spec=neutral": [],
  "H30 lang=fi primary=fi spec=spoken": [
    "KK-AIAKVU1OP",
    "KK-AIAKVUERI",
  ],
  "H30 lang=fi primary=fi spec=written": [
    "KK-AIAKTE2OP",
  ],
  "H30 lang=fi primary=fi spec=writtenAndSpoken": [
    "KK-AIAKTE2OP",
    "KK-AIAKVU1OP",
    "KK-AIAKVUERI",
  ],
  "H30 lang=fi primary=sv spec=neutral": [
    "KK-FIN01",
    "KK-FIN02",
    "KK-FIN08",
    "KK-FINMU",
  ],
  "H30 lang=fi primary=sv spec=spoken": [
    "KK-FIN01",
    "KK-FIN02",
    "KK-FIN08",
    "KK-FINMU",
  ],
  "H30 lang=fi primary=sv spec=written": [
    "KK-FIN01",
    "KK-FIN02",
    "KK-FIN08",
    "KK-FINMU",
  ],
  "H30 lang=fi primary=sv spec=writtenAndSpoken": [
    "KK-FIN01",
    "KK-FIN02",
    "KK-FIN08",
    "KK-FINMU",
  ],
  "H30 lang=sv primary=fi spec=neutral": [
    "KK-RUERI",
    "KK-RULAAK1",
    "KK-RULAAK2",
    "KK-RUO204",
    "KK-RUO205",
    "KK-RUO206",
  ],
  "H30 lang=sv primary=fi spec=spoken": [
    "KK-RUERI",
    "KK-RULAAK1",
    "KK-RULAAK2",
    "KK-RUO204",
    "KK-RUO205",
    "KK-RUO206",
  ],
  "H30 lang=sv primary=fi spec=written": [
    "KK-RUERI",
    "KK-RULAAK1",
    "KK-RULAAK2",
    "KK-RUO204",
    "KK-RUO205",
    "KK-RUO206",
  ],
  "H30 lang=sv primary=fi spec=writtenAndSpoken": [
    "KK-RUERI",
    "KK-RULAAK1",
    "KK-RULAAK2",
    "KK-RUO204",
    "KK-RUO205",
    "KK-RUO206",
  ],
  "H30 lang=sv primary=sv spec=neutral": [],
  "H30 lang=sv primary=sv spec=spoken": [
    "KK-MOAKKO1SP",
  ],
  "H30 lang=sv primary=sv spec=written": [
    "KK-MOAKSK2SP",
  ],
  "H30 lang=sv primary=sv spec=writtenAndSpoken": [
    "KK-MOAKKO1SP",
    "KK-MOAKSK2SP",
  ],
  "H305 lang=en primary=fi spec=neutral": [
    "KK-ENERI",
    "KK-ENG301",
    "KK-ENG302",
    "KK-ENG303",
    "KK-ENKAIKKI",
    "KK-ENKAIKKI1/2",
    "KK-ENLAAK",
    "KK-ENLAAK1",
    "KK-ENLAAK2",
  ],
  "H305 lang=en primary=fi spec=spoken": [
    "KK-ENERI",
    "KK-ENG301",
    "KK-ENG302",
    "KK-ENG303",
    "KK-ENKAIKKI",
    "KK-ENKAIKKI1/2",
    "KK-ENLAAK",
    "KK-ENLAAK1",
    "KK-ENLAAK2",
  ],
  "H305 lang=en primary=fi spec=written": [
    "KK-ENERI",
    "KK-ENG301",
    "KK-ENG302",
    "KK-ENG303",
    "KK-ENKAIKKI",
    "KK-ENKAIKKI1/2",
    "KK-ENLAAK",
    "KK-ENLAAK1",
    "KK-ENLAAK2",
  ],
  "H305 lang=en primary=fi spec=writtenAndSpoken": [
    "KK-ENERI",
    "KK-ENG301",
    "KK-ENG302",
    "KK-ENG303",
    "KK-ENKAIKKI",
    "KK-ENKAIKKI1/2",
    "KK-ENLAAK",
    "KK-ENLAAK1",
    "KK-ENLAAK2",
  ],
  "H305 lang=en primary=sv spec=neutral": [
    "KK-ENERI",
    "KK-ENG301",
    "KK-ENG302",
    "KK-ENG303",
    "KK-ENKAIKKI",
    "KK-ENKAIKKI1/2",
    "KK-ENLAAK",
    "KK-ENLAAK1",
    "KK-ENLAAK2",
  ],
  "H305 lang=en primary=sv spec=spoken": [
    "KK-ENERI",
    "KK-ENG301",
    "KK-ENG302",
    "KK-ENG303",
    "KK-ENKAIKKI",
    "KK-ENKAIKKI1/2",
    "KK-ENLAAK",
    "KK-ENLAAK1",
    "KK-ENLAAK2",
  ],
  "H305 lang=en primary=sv spec=written": [
    "KK-ENERI",
    "KK-ENG301",
    "KK-ENG302",
    "KK-ENG303",
    "KK-ENKAIKKI",
    "KK-ENKAIKKI1/2",
    "KK-ENLAAK",
    "KK-ENLAAK1",
    "KK-ENLAAK2",
  ],
  "H305 lang=en primary=sv spec=writtenAndSpoken": [
    "KK-ENERI",
    "KK-ENG301",
    "KK-ENG302",
    "KK-ENG303",
    "KK-ENKAIKKI",
    "KK-ENKAIKKI1/2",
    "KK-ENLAAK",
    "KK-ENLAAK1",
    "KK-ENLAAK2",
  ],
  "H305 lang=fi primary=fi spec=neutral": [],
  "H305 lang=fi primary=fi spec=spoken": [
    "KK-AIAKVU1OP",
    "KK-AIAKVUERI",
  ],
  "H305 lang=fi primary=fi spec=written": [
    "KK-AIAKTE2OP",
  ],
  "H305 lang=fi primary=fi spec=writtenAndSpoken": [
    "KK-AIAKTE2OP",
    "KK-AIAKVU1OP",
    "KK-AIAKVUERI",
  ],
  "H305 lang=fi primary=sv spec=neutral": [
    "KK-FIN01",
    "KK-FIN02",
    "KK-FIN08",
    "KK-FINMU",
  ],
  "H305 lang=fi primary=sv spec=spoken": [
    "KK-FIN01",
    "KK-FIN02",
    "KK-FIN08",
    "KK-FINMU",
  ],
  "H305 lang=fi primary=sv spec=written": [
    "KK-FIN01",
    "KK-FIN02",
    "KK-FIN08",
    "KK-FINMU",
  ],
  "H305 lang=fi primary=sv spec=writtenAndSpoken": [
    "KK-FIN01",
    "KK-FIN02",
    "KK-FIN08",
    "KK-FINMU",
  ],
  "H305 lang=sv primary=fi spec=neutral": [
    "KK-RUERI",
    "KK-RULAAK1",
    "KK-RULAAK2",
    "KK-RUO204",
    "KK-RUO205",
    "KK-RUO206",
  ],
  "H305 lang=sv primary=fi spec=spoken": [
    "KK-RUERI",
    "KK-RULAAK1",
    "KK-RULAAK2",
    "KK-RUO204",
    "KK-RUO205",
    "KK-RUO206",
  ],
  "H305 lang=sv primary=fi spec=written": [
    "KK-RUERI",
    "KK-RULAAK1",
    "KK-RULAAK2",
    "KK-RUO204",
    "KK-RUO205",
    "KK-RUO206",
  ],
  "H305 lang=sv primary=fi spec=writtenAndSpoken": [
    "KK-RUERI",
    "KK-RULAAK1",
    "KK-RULAAK2",
    "KK-RUO204",
    "KK-RUO205",
    "KK-RUO206",
  ],
  "H305 lang=sv primary=sv spec=neutral": [],
  "H305 lang=sv primary=sv spec=spoken": [
    "KK-MOAKKO1SP",
  ],
  "H305 lang=sv primary=sv spec=written": [
    "KK-MOAKSK2SP",
  ],
  "H305 lang=sv primary=sv spec=writtenAndSpoken": [
    "KK-MOAKKO1SP",
    "KK-MOAKSK2SP",
  ],
  "H3456 lang=en primary=fi spec=neutral": [
    "KK-ENERI",
    "KK-ENG301",
    "KK-ENG302",
    "KK-ENG303",
    "KK-ENKAIKKI",
    "KK-ENKAIKKI1/2",
    "KK-ENLAAK",
  ],
  "H3456 lang=en primary=fi spec=spoken": [
    "KK-ENERI",
    "KK-ENG301",
    "KK-ENG302",
    "KK-ENG303",
    "KK-ENKAIKKI",
    "KK-ENKAIKKI1/2",
    "KK-ENLAAK",
  ],
  "H3456 lang=en primary=fi spec=written": [
    "KK-ENERI",
    "KK-ENG301",
    "KK-ENG302",
    "KK-ENG303",
    "KK-ENKAIKKI",
    "KK-ENKAIKKI1/2",
    "KK-ENLAAK",
  ],
  "H3456 lang=en primary=fi spec=writtenAndSpoken": [
    "KK-ENERI",
    "KK-ENG301",
    "KK-ENG302",
    "KK-ENG303",
    "KK-ENKAIKKI",
    "KK-ENKAIKKI1/2",
    "KK-ENLAAK",
  ],
  "H3456 lang=en primary=sv spec=neutral": [
    "KK-ENERI",
    "KK-ENG301",
    "KK-ENG302",
    "KK-ENG303",
    "KK-ENKAIKKI",
    "KK-ENKAIKKI1/2",
    "KK-ENLAAK",
  ],
  "H3456 lang=en primary=sv spec=spoken": [
    "KK-ENERI",
    "KK-ENG301",
    "KK-ENG302",
    "KK-ENG303",
    "KK-ENKAIKKI",
    "KK-ENKAIKKI1/2",
    "KK-ENLAAK",
  ],
  "H3456 lang=en primary=sv spec=written": [
    "KK-ENERI",
    "KK-ENG301",
    "KK-ENG302",
    "KK-ENG303",
    "KK-ENKAIKKI",
    "KK-ENKAIKKI1/2",
    "KK-ENLAAK",
  ],
  "H3456 lang=en primary=sv spec=writtenAndSpoken": [
    "KK-ENERI",
    "KK-ENG301",
    "KK-ENG302",
    "KK-ENG303",
    "KK-ENKAIKKI",
    "KK-ENKAIKKI1/2",
    "KK-ENLAAK",
  ],
  "H3456 lang=fi primary=fi spec=neutral": [],
  "H3456 lang=fi primary=fi spec=spoken": [
    "KK-AIAKVU2OP",
    "KK-AIAKVUERI",
  ],
  "H3456 lang=fi primary=fi spec=written": [
    "KK-AIAKTE1OP",
  ],
  "H3456 lang=fi primary=fi spec=writtenAndSpoken": [
    "KK-AIAKTE1OP",
    "KK-AIAKVU2OP",
    "KK-AIAKVUERI",
  ],
  "H3456 lang=fi primary=sv spec=neutral": [
    "KK-FIN01",
    "KK-FIN02",
    "KK-FIN08",
    "KK-FINMU",
  ],
  "H3456 lang=fi primary=sv spec=spoken": [
    "KK-FIN01",
    "KK-FIN02",
    "KK-FIN08",
    "KK-FINMU",
  ],
  "H3456 lang=fi primary=sv spec=written": [
    "KK-FIN01",
    "KK-FIN02",
    "KK-FIN08",
    "KK-FINMU",
  ],
  "H3456 lang=fi primary=sv spec=writtenAndSpoken": [
    "KK-FIN01",
    "KK-FIN02",
    "KK-FIN08",
    "KK-FINMU",
  ],
  "H3456 lang=sv primary=fi spec=neutral": [
    "KK-RUERI",
    "KK-RUKAIKKI",
    "KK-RULAAK",
    "KK-RUO204",
    "KK-RUO205",
    "KK-RUO206",
  ],
  "H3456 lang=sv primary=fi spec=spoken": [
    "KK-RUERI",
    "KK-RUKAIKKI",
    "KK-RULAAK",
    "KK-RUO204",
    "KK-RUO205",
    "KK-RUO206",
  ],
  "H3456 lang=sv primary=fi spec=written": [
    "KK-RUERI",
    "KK-RUKAIKKI",
    "KK-RULAAK",
    "KK-RUO204",
    "KK-RUO205",
    "KK-RUO206",
  ],
  "H3456 lang=sv primary=fi spec=writtenAndSpoken": [
    "KK-RUERI",
    "KK-RUKAIKKI",
    "KK-RULAAK",
    "KK-RUO204",
    "KK-RUO205",
    "KK-RUO206",
  ],
  "H3456 lang=sv primary=sv spec=neutral": [],
  "H3456 lang=sv primary=sv spec=spoken": [
    "KK-MOAKKO2SP",
  ],
  "H3456 lang=sv primary=sv spec=written": [
    "KK-MOAKSK1SP",
  ],
  "H3456 lang=sv primary=sv spec=writtenAndSpoken": [
    "KK-MOAKKO2SP",
    "KK-MOAKSK1SP",
  ],
  "H40 lang=en primary=fi spec=neutral": [
    "KK-ENERI",
    "KK-ENG301",
    "KK-ENG302",
    "KK-ENG303",
    "KK-ENHUM",
    "KK-ENHUM1",
    "KK-ENHUM2",
    "KK-ENKAIKKI",
    "KK-ENKAIKKI1/2",
  ],
  "H40 lang=en primary=fi spec=spoken": [
    "KK-ENERI",
    "KK-ENG301",
    "KK-ENG302",
    "KK-ENG303",
    "KK-ENHUM",
    "KK-ENHUM1",
    "KK-ENHUM2",
    "KK-ENKAIKKI",
    "KK-ENKAIKKI1/2",
  ],
  "H40 lang=en primary=fi spec=written": [
    "KK-ENERI",
    "KK-ENG301",
    "KK-ENG302",
    "KK-ENG303",
    "KK-ENHUM",
    "KK-ENHUM1",
    "KK-ENHUM2",
    "KK-ENKAIKKI",
    "KK-ENKAIKKI1/2",
  ],
  "H40 lang=en primary=fi spec=writtenAndSpoken": [
    "KK-ENERI",
    "KK-ENG301",
    "KK-ENG302",
    "KK-ENG303",
    "KK-ENHUM",
    "KK-ENHUM1",
    "KK-ENHUM2",
    "KK-ENKAIKKI",
    "KK-ENKAIKKI1/2",
  ],
  "H40 lang=en primary=sv spec=neutral": [
    "KK-ENERI",
    "KK-ENG301",
    "KK-ENG302",
    "KK-ENG303",
    "KK-ENHUM",
    "KK-ENHUM1",
    "KK-ENHUM2",
    "KK-ENKAIKKI",
    "KK-ENKAIKKI1/2",
  ],
  "H40 lang=en primary=sv spec=spoken": [
    "KK-ENERI",
    "KK-ENG301",
    "KK-ENG302",
    "KK-ENG303",
    "KK-ENHUM",
    "KK-ENHUM1",
    "KK-ENHUM2",
    "KK-ENKAIKKI",
    "KK-ENKAIKKI1/2",
  ],
  "H40 lang=en primary=sv spec=written": [
    "KK-ENERI",
    "KK-ENG301",
    "KK-ENG302",
    "KK-ENG303",
    "KK-ENHUM",
    "KK-ENHUM1",
    "KK-ENHUM2",
    "KK-ENKAIKKI",
    "KK-ENKAIKKI1/2",
  ],
  "H40 lang=en primary=sv spec=writtenAndSpoken": [
    "KK-ENERI",
    "KK-ENG301",
    "KK-ENG302",
    "KK-ENG303",
    "KK-ENHUM",
    "KK-ENHUM1",
    "KK-ENHUM2",
    "KK-ENKAIKKI",
    "KK-ENKAIKKI1/2",
  ],
  "H40 lang=fi primary=fi spec=neutral": [],
  "H40 lang=fi primary=fi spec=spoken": [
    "KK-AIAKVU1OP",
    "KK-AIAKVUERI",
  ],
  "H40 lang=fi primary=fi spec=written": [],
  "H40 lang=fi primary=fi spec=writtenAndSpoken": [
    "KK-AIAKVU1OP",
    "KK-AIAKVUERI",
  ],
  "H40 lang=fi primary=sv spec=neutral": [
    "KK-FIN01",
    "KK-FIN02",
    "KK-FIN08",
    "KK-FINMU",
  ],
  "H40 lang=fi primary=sv spec=spoken": [
    "KK-FIN01",
    "KK-FIN02",
    "KK-FIN08",
    "KK-FINMU",
  ],
  "H40 lang=fi primary=sv spec=written": [
    "KK-FIN01",
    "KK-FIN02",
    "KK-FIN08",
    "KK-FINMU",
  ],
  "H40 lang=fi primary=sv spec=writtenAndSpoken": [
    "KK-FIN01",
    "KK-FIN02",
    "KK-FIN08",
    "KK-FINMU",
  ],
  "H40 lang=sv primary=fi spec=neutral": [
    "KK-RUERI",
    "KK-RUHUM",
    "KK-RUKAIKKI",
    "KK-RUO204",
    "KK-RUO205",
    "KK-RUO206",
  ],
  "H40 lang=sv primary=fi spec=spoken": [
    "KK-RUERI",
    "KK-RUHUM",
    "KK-RUKAIKKI",
    "KK-RUO204",
    "KK-RUO205",
    "KK-RUO206",
  ],
  "H40 lang=sv primary=fi spec=written": [
    "KK-RUERI",
    "KK-RUHUM",
    "KK-RUKAIKKI",
    "KK-RUO204",
    "KK-RUO205",
    "KK-RUO206",
  ],
  "H40 lang=sv primary=fi spec=writtenAndSpoken": [
    "KK-RUERI",
    "KK-RUHUM",
    "KK-RUKAIKKI",
    "KK-RUO204",
    "KK-RUO205",
    "KK-RUO206",
  ],
  "H40 lang=sv primary=sv spec=neutral": [],
  "H40 lang=sv primary=sv spec=spoken": [
    "KK-MOAKKO1SP",
  ],
  "H40 lang=sv primary=sv spec=written": [],
  "H40 lang=sv primary=sv spec=writtenAndSpoken": [
    "KK-MOAKKO1SP",
  ],
  "H50 lang=en primary=fi spec=neutral": [
    "KK-ENERI",
    "KK-ENG301",
    "KK-ENG302",
    "KK-ENG303",
    "KK-ENKAIKKI",
    "KK-ENKAIKKI1/2",
    "KK-ENMALU",
    "KK-ENMALU1",
    "KK-ENMALU2",
  ],
  "H50 lang=en primary=fi spec=spoken": [
    "KK-ENERI",
    "KK-ENG301",
    "KK-ENG302",
    "KK-ENG303",
    "KK-ENKAIKKI",
    "KK-ENKAIKKI1/2",
    "KK-ENMALU",
    "KK-ENMALU1",
    "KK-ENMALU2",
  ],
  "H50 lang=en primary=fi spec=written": [
    "KK-ENERI",
    "KK-ENG301",
    "KK-ENG302",
    "KK-ENG303",
    "KK-ENKAIKKI",
    "KK-ENKAIKKI1/2",
    "KK-ENMALU",
    "KK-ENMALU1",
    "KK-ENMALU2",
  ],
  "H50 lang=en primary=fi spec=writtenAndSpoken": [
    "KK-ENERI",
    "KK-ENG301",
    "KK-ENG302",
    "KK-ENG303",
    "KK-ENKAIKKI",
    "KK-ENKAIKKI1/2",
    "KK-ENMALU",
    "KK-ENMALU1",
    "KK-ENMALU2",
  ],
  "H50 lang=en primary=sv spec=neutral": [
    "KK-ENERI",
    "KK-ENG301",
    "KK-ENG302",
    "KK-ENG303",
    "KK-ENKAIKKI",
    "KK-ENKAIKKI1/2",
    "KK-ENMALU",
    "KK-ENMALU1",
    "KK-ENMALU2",
  ],
  "H50 lang=en primary=sv spec=spoken": [
    "KK-ENERI",
    "KK-ENG301",
    "KK-ENG302",
    "KK-ENG303",
    "KK-ENKAIKKI",
    "KK-ENKAIKKI1/2",
    "KK-ENMALU",
    "KK-ENMALU1",
    "KK-ENMALU2",
  ],
  "H50 lang=en primary=sv spec=written": [
    "KK-ENERI",
    "KK-ENG301",
    "KK-ENG302",
    "KK-ENG303",
    "KK-ENKAIKKI",
    "KK-ENKAIKKI1/2",
    "KK-ENMALU",
    "KK-ENMALU1",
    "KK-ENMALU2",
  ],
  "H50 lang=en primary=sv spec=writtenAndSpoken": [
    "KK-ENERI",
    "KK-ENG301",
    "KK-ENG302",
    "KK-ENG303",
    "KK-ENKAIKKI",
    "KK-ENKAIKKI1/2",
    "KK-ENMALU",
    "KK-ENMALU1",
    "KK-ENMALU2",
  ],
  "H50 lang=fi primary=fi spec=neutral": [],
  "H50 lang=fi primary=fi spec=spoken": [
    "KK-AIAKVU1OP",
    "KK-AIAKVUERI",
  ],
  "H50 lang=fi primary=fi spec=written": [
    "KK-AIAKTE2OP",
  ],
  "H50 lang=fi primary=fi spec=writtenAndSpoken": [
    "KK-AIAKTE2OP",
    "KK-AIAKVU1OP",
    "KK-AIAKVUERI",
  ],
  "H50 lang=fi primary=sv spec=neutral": [
    "KK-FIN01",
    "KK-FIN02",
    "KK-FIN08",
    "KK-FINMU",
  ],
  "H50 lang=fi primary=sv spec=spoken": [
    "KK-FIN01",
    "KK-FIN02",
    "KK-FIN08",
    "KK-FINMU",
  ],
  "H50 lang=fi primary=sv spec=written": [
    "KK-FIN01",
    "KK-FIN02",
    "KK-FIN08",
    "KK-FINMU",
  ],
  "H50 lang=fi primary=sv spec=writtenAndSpoken": [
    "KK-FIN01",
    "KK-FIN02",
    "KK-FIN08",
    "KK-FINMU",
  ],
  "H50 lang=sv primary=fi spec=neutral": [
    "KK-RUERI",
    "KK-RUKAIKKI",
    "KK-RUMALU",
    "KK-RUO204",
    "KK-RUO205",
    "KK-RUO206",
  ],
  "H50 lang=sv primary=fi spec=spoken": [
    "KK-RUERI",
    "KK-RUKAIKKI",
    "KK-RUMALU",
    "KK-RUO204",
    "KK-RUO205",
    "KK-RUO206",
  ],
  "H50 lang=sv primary=fi spec=written": [
    "KK-RUERI",
    "KK-RUKAIKKI",
    "KK-RUMALU",
    "KK-RUO204",
    "KK-RUO205",
    "KK-RUO206",
  ],
  "H50 lang=sv primary=fi spec=writtenAndSpoken": [
    "KK-RUERI",
    "KK-RUKAIKKI",
    "KK-RUMALU",
    "KK-RUO204",
    "KK-RUO205",
    "KK-RUO206",
  ],
  "H50 lang=sv primary=sv spec=neutral": [],
  "H50 lang=sv primary=sv spec=spoken": [
    "KK-MOAKKO1SP",
  ],
  "H50 lang=sv primary=sv spec=written": [
    "KK-MOAKSK2SP",
  ],
  "H50 lang=sv primary=sv spec=writtenAndSpoken": [
    "KK-MOAKKO1SP",
    "KK-MOAKSK2SP",
  ],
  "H55 lang=en primary=fi spec=neutral": [
    "KK-ENERI",
    "KK-ENFARM",
    "KK-ENFARM1",
    "KK-ENFARM2",
    "KK-ENG301",
    "KK-ENG302",
    "KK-ENG303",
    "KK-ENKAIKKI",
    "KK-ENKAIKKI1/2",
  ],
  "H55 lang=en primary=fi spec=spoken": [
    "KK-ENERI",
    "KK-ENFARM",
    "KK-ENFARM1",
    "KK-ENFARM2",
    "KK-ENG301",
    "KK-ENG302",
    "KK-ENG303",
    "KK-ENKAIKKI",
    "KK-ENKAIKKI1/2",
  ],
  "H55 lang=en primary=fi spec=written": [
    "KK-ENERI",
    "KK-ENFARM",
    "KK-ENFARM1",
    "KK-ENFARM2",
    "KK-ENG301",
    "KK-ENG302",
    "KK-ENG303",
    "KK-ENKAIKKI",
    "KK-ENKAIKKI1/2",
  ],
  "H55 lang=en primary=fi spec=writtenAndSpoken": [
    "KK-ENERI",
    "KK-ENFARM",
    "KK-ENFARM1",
    "KK-ENFARM2",
    "KK-ENG301",
    "KK-ENG302",
    "KK-ENG303",
    "KK-ENKAIKKI",
    "KK-ENKAIKKI1/2",
  ],
  "H55 lang=en primary=sv spec=neutral": [
    "KK-ENERI",
    "KK-ENFARM",
    "KK-ENFARM1",
    "KK-ENFARM2",
    "KK-ENG301",
    "KK-ENG302",
    "KK-ENG303",
    "KK-ENKAIKKI",
    "KK-ENKAIKKI1/2",
  ],
  "H55 lang=en primary=sv spec=spoken": [
    "KK-ENERI",
    "KK-ENFARM",
    "KK-ENFARM1",
    "KK-ENFARM2",
    "KK-ENG301",
    "KK-ENG302",
    "KK-ENG303",
    "KK-ENKAIKKI",
    "KK-ENKAIKKI1/2",
  ],
  "H55 lang=en primary=sv spec=written": [
    "KK-ENERI",
    "KK-ENFARM",
    "KK-ENFARM1",
    "KK-ENFARM2",
    "KK-ENG301",
    "KK-ENG302",
    "KK-ENG303",
    "KK-ENKAIKKI",
    "KK-ENKAIKKI1/2",
  ],
  "H55 lang=en primary=sv spec=writtenAndSpoken": [
    "KK-ENERI",
    "KK-ENFARM",
    "KK-ENFARM1",
    "KK-ENFARM2",
    "KK-ENG301",
    "KK-ENG302",
    "KK-ENG303",
    "KK-ENKAIKKI",
    "KK-ENKAIKKI1/2",
  ],
  "H55 lang=fi primary=fi spec=neutral": [],
  "H55 lang=fi primary=fi spec=spoken": [
    "KK-AIAKVU1OP",
    "KK-AIAKVUERI",
  ],
  "H55 lang=fi primary=fi spec=written": [
    "KK-AIAKTE2OP",
  ],
  "H55 lang=fi primary=fi spec=writtenAndSpoken": [
    "KK-AIAKTE2OP",
    "KK-AIAKVU1OP",
    "KK-AIAKVUERI",
  ],
  "H55 lang=fi primary=sv spec=neutral": [
    "KK-FIN01",
    "KK-FIN02",
    "KK-FIN08",
    "KK-FINMU",
  ],
  "H55 lang=fi primary=sv spec=spoken": [
    "KK-FIN01",
    "KK-FIN02",
    "KK-FIN08",
    "KK-FINMU",
  ],
  "H55 lang=fi primary=sv spec=written": [
    "KK-FIN01",
    "KK-FIN02",
    "KK-FIN08",
    "KK-FINMU",
  ],
  "H55 lang=fi primary=sv spec=writtenAndSpoken": [
    "KK-FIN01",
    "KK-FIN02",
    "KK-FIN08",
    "KK-FINMU",
  ],
  "H55 lang=sv primary=fi spec=neutral": [
    "KK-RUERI",
    "KK-RUFARM",
    "KK-RUKAIKKI",
    "KK-RUO204",
    "KK-RUO205",
    "KK-RUO206",
  ],
  "H55 lang=sv primary=fi spec=spoken": [
    "KK-RUERI",
    "KK-RUFARM",
    "KK-RUKAIKKI",
    "KK-RUO204",
    "KK-RUO205",
    "KK-RUO206",
  ],
  "H55 lang=sv primary=fi spec=written": [
    "KK-RUERI",
    "KK-RUFARM",
    "KK-RUKAIKKI",
    "KK-RUO204",
    "KK-RUO205",
    "KK-RUO206",
  ],
  "H55 lang=sv primary=fi spec=writtenAndSpoken": [
    "KK-RUERI",
    "KK-RUFARM",
    "KK-RUKAIKKI",
    "KK-RUO204",
    "KK-RUO205",
    "KK-RUO206",
  ],
  "H55 lang=sv primary=sv spec=neutral": [],
  "H55 lang=sv primary=sv spec=spoken": [
    "KK-MOAKKO1SP",
  ],
  "H55 lang=sv primary=sv spec=written": [
    "KK-MOAKSK2SP",
  ],
  "H55 lang=sv primary=sv spec=writtenAndSpoken": [
    "KK-MOAKKO1SP",
    "KK-MOAKSK2SP",
  ],
  "H57 lang=en primary=fi spec=neutral": [
    "KK-ENBIYM",
    "KK-ENERI",
    "KK-ENG301",
    "KK-ENG302",
    "KK-ENG303",
    "KK-ENKAIKKI",
    "KK-ENKAIKKI1/2",
  ],
  "H57 lang=en primary=fi spec=spoken": [
    "KK-ENBIYM",
    "KK-ENERI",
    "KK-ENG301",
    "KK-ENG302",
    "KK-ENG303",
    "KK-ENKAIKKI",
    "KK-ENKAIKKI1/2",
  ],
  "H57 lang=en primary=fi spec=written": [
    "KK-ENBIYM",
    "KK-ENERI",
    "KK-ENG301",
    "KK-ENG302",
    "KK-ENG303",
    "KK-ENKAIKKI",
    "KK-ENKAIKKI1/2",
  ],
  "H57 lang=en primary=fi spec=writtenAndSpoken": [
    "KK-ENBIYM",
    "KK-ENERI",
    "KK-ENG301",
    "KK-ENG302",
    "KK-ENG303",
    "KK-ENKAIKKI",
    "KK-ENKAIKKI1/2",
  ],
  "H57 lang=en primary=sv spec=neutral": [
    "KK-ENBIYM",
    "KK-ENERI",
    "KK-ENG301",
    "KK-ENG302",
    "KK-ENG303",
    "KK-ENKAIKKI",
    "KK-ENKAIKKI1/2",
  ],
  "H57 lang=en primary=sv spec=spoken": [
    "KK-ENBIYM",
    "KK-ENERI",
    "KK-ENG301",
    "KK-ENG302",
    "KK-ENG303",
    "KK-ENKAIKKI",
    "KK-ENKAIKKI1/2",
  ],
  "H57 lang=en primary=sv spec=written": [
    "KK-ENBIYM",
    "KK-ENERI",
    "KK-ENG301",
    "KK-ENG302",
    "KK-ENG303",
    "KK-ENKAIKKI",
    "KK-ENKAIKKI1/2",
  ],
  "H57 lang=en primary=sv spec=writtenAndSpoken": [
    "KK-ENBIYM",
    "KK-ENERI",
    "KK-ENG301",
    "KK-ENG302",
    "KK-ENG303",
    "KK-ENKAIKKI",
    "KK-ENKAIKKI1/2",
  ],
  "H57 lang=fi primary=fi spec=neutral": [],
  "H57 lang=fi primary=fi spec=spoken": [
    "KK-AIAKVU1OP",
    "KK-AIAKVUERI",
  ],
  "H57 lang=fi primary=fi spec=written": [
    "KK-AIAKTE2OP",
  ],
  "H57 lang=fi primary=fi spec=writtenAndSpoken": [
    "KK-AIAKTE2OP",
    "KK-AIAKVU1OP",
    "KK-AIAKVUERI",
  ],
  "H57 lang=fi primary=sv spec=neutral": [
    "KK-FIN01",
    "KK-FIN02",
    "KK-FIN08",
    "KK-FINMU",
  ],
  "H57 lang=fi primary=sv spec=spoken": [
    "KK-FIN01",
    "KK-FIN02",
    "KK-FIN08",
    "KK-FINMU",
  ],
  "H57 lang=fi primary=sv spec=written": [
    "KK-FIN01",
    "KK-FIN02",
    "KK-FIN08",
    "KK-FINMU",
  ],
  "H57 lang=fi primary=sv spec=writtenAndSpoken": [
    "KK-FIN01",
    "KK-FIN02",
    "KK-FIN08",
    "KK-FINMU",
  ],
  "H57 lang=sv primary=fi spec=neutral": [
    "KK-RUBIYM",
    "KK-RUERI",
    "KK-RUKAIKKI",
    "KK-RUO204",
    "KK-RUO205",
    "KK-RUO206",
  ],
  "H57 lang=sv primary=fi spec=spoken": [
    "KK-RUBIYM",
    "KK-RUERI",
    "KK-RUKAIKKI",
    "KK-RUO204",
    "KK-RUO205",
    "KK-RUO206",
  ],
  "H57 lang=sv primary=fi spec=written": [
    "KK-RUBIYM",
    "KK-RUERI",
    "KK-RUKAIKKI",
    "KK-RUO204",
    "KK-RUO205",
    "KK-RUO206",
  ],
  "H57 lang=sv primary=fi spec=writtenAndSpoken": [
    "KK-RUBIYM",
    "KK-RUERI",
    "KK-RUKAIKKI",
    "KK-RUO204",
    "KK-RUO205",
    "KK-RUO206",
  ],
  "H57 lang=sv primary=sv spec=neutral": [],
  "H57 lang=sv primary=sv spec=spoken": [
    "KK-MOAKKO1SP",
  ],
  "H57 lang=sv primary=sv spec=written": [
    "KK-MOAKSK2SP",
  ],
  "H57 lang=sv primary=sv spec=writtenAndSpoken": [
    "KK-MOAKKO1SP",
    "KK-MOAKSK2SP",
  ],
  "H60 lang=en primary=fi spec=neutral": [
    "KK-ENERI",
    "KK-ENG301",
    "KK-ENG302",
    "KK-ENG303",
    "KK-ENKAIKKI",
    "KK-ENKAIKKI1/2",
    "KK-ENKASV",
  ],
  "H60 lang=en primary=fi spec=spoken": [
    "KK-ENERI",
    "KK-ENG301",
    "KK-ENG302",
    "KK-ENG303",
    "KK-ENKAIKKI",
    "KK-ENKAIKKI1/2",
    "KK-ENKASV",
  ],
  "H60 lang=en primary=fi spec=written": [
    "KK-ENERI",
    "KK-ENG301",
    "KK-ENG302",
    "KK-ENG303",
    "KK-ENKAIKKI",
    "KK-ENKAIKKI1/2",
    "KK-ENKASV",
  ],
  "H60 lang=en primary=fi spec=writtenAndSpoken": [
    "KK-ENERI",
    "KK-ENG301",
    "KK-ENG302",
    "KK-ENG303",
    "KK-ENKAIKKI",
    "KK-ENKAIKKI1/2",
    "KK-ENKASV",
  ],
  "H60 lang=en primary=sv spec=neutral": [
    "KK-ENERI",
    "KK-ENG301",
    "KK-ENG302",
    "KK-ENG303",
    "KK-ENKAIKKI",
    "KK-ENKAIKKI1/2",
    "KK-ENKASV",
  ],
  "H60 lang=en primary=sv spec=spoken": [
    "KK-ENERI",
    "KK-ENG301",
    "KK-ENG302",
    "KK-ENG303",
    "KK-ENKAIKKI",
    "KK-ENKAIKKI1/2",
    "KK-ENKASV",
  ],
  "H60 lang=en primary=sv spec=written": [
    "KK-ENERI",
    "KK-ENG301",
    "KK-ENG302",
    "KK-ENG303",
    "KK-ENKAIKKI",
    "KK-ENKAIKKI1/2",
    "KK-ENKASV",
  ],
  "H60 lang=en primary=sv spec=writtenAndSpoken": [
    "KK-ENERI",
    "KK-ENG301",
    "KK-ENG302",
    "KK-ENG303",
    "KK-ENKAIKKI",
    "KK-ENKAIKKI1/2",
    "KK-ENKASV",
  ],
  "H60 lang=fi primary=fi spec=neutral": [],
  "H60 lang=fi primary=fi spec=spoken": [
    "KK-AIAKVU1OP",
    "KK-AIAKVUERI",
  ],
  "H60 lang=fi primary=fi spec=written": [
    "KK-AIAKTE2OP",
  ],
  "H60 lang=fi primary=fi spec=writtenAndSpoken": [
    "KK-AIAKTE2OP",
    "KK-AIAKVU1OP",
    "KK-AIAKVUERI",
  ],
  "H60 lang=fi primary=sv spec=neutral": [
    "KK-FIN01",
    "KK-FIN02",
    "KK-FIN08",
    "KK-FINMU",
  ],
  "H60 lang=fi primary=sv spec=spoken": [
    "KK-FIN01",
    "KK-FIN02",
    "KK-FIN08",
    "KK-FINMU",
  ],
  "H60 lang=fi primary=sv spec=written": [
    "KK-FIN01",
    "KK-FIN02",
    "KK-FIN08",
    "KK-FINMU",
  ],
  "H60 lang=fi primary=sv spec=writtenAndSpoken": [
    "KK-FIN01",
    "KK-FIN02",
    "KK-FIN08",
    "KK-FINMU",
  ],
  "H60 lang=sv primary=fi spec=neutral": [
    "KK-RUERI",
    "KK-RUKAIKKI",
    "KK-RUKASV",
    "KK-RUO204",
    "KK-RUO205",
    "KK-RUO206",
  ],
  "H60 lang=sv primary=fi spec=spoken": [
    "KK-RUERI",
    "KK-RUKAIKKI",
    "KK-RUKASV",
    "KK-RUO204",
    "KK-RUO205",
    "KK-RUO206",
  ],
  "H60 lang=sv primary=fi spec=written": [
    "KK-RUERI",
    "KK-RUKAIKKI",
    "KK-RUKASV",
    "KK-RUO204",
    "KK-RUO205",
    "KK-RUO206",
  ],
  "H60 lang=sv primary=fi spec=writtenAndSpoken": [
    "KK-RUERI",
    "KK-RUKAIKKI",
    "KK-RUKASV",
    "KK-RUO204",
    "KK-RUO205",
    "KK-RUO206",
  ],
  "H60 lang=sv primary=sv spec=neutral": [],
  "H60 lang=sv primary=sv spec=spoken": [
    "KK-MOAKKO1SP",
  ],
  "H60 lang=sv primary=sv spec=written": [
    "KK-MOAKSK2SP",
  ],
  "H60 lang=sv primary=sv spec=writtenAndSpoken": [
    "KK-MOAKKO1SP",
    "KK-MOAKSK2SP",
  ],
  "H70 lang=en primary=fi spec=neutral": [
    "KK-ENERI",
    "KK-ENG301",
    "KK-ENG302",
    "KK-ENG303",
    "KK-ENKAIKKI",
    "KK-ENKAIKKI1/2",
    "KK-ENVALT",
  ],
  "H70 lang=en primary=fi spec=spoken": [
    "KK-ENERI",
    "KK-ENG301",
    "KK-ENG302",
    "KK-ENG303",
    "KK-ENKAIKKI",
    "KK-ENKAIKKI1/2",
    "KK-ENVALT",
  ],
  "H70 lang=en primary=fi spec=written": [
    "KK-ENERI",
    "KK-ENG301",
    "KK-ENG302",
    "KK-ENG303",
    "KK-ENKAIKKI",
    "KK-ENKAIKKI1/2",
    "KK-ENVALT",
  ],
  "H70 lang=en primary=fi spec=writtenAndSpoken": [
    "KK-ENERI",
    "KK-ENG301",
    "KK-ENG302",
    "KK-ENG303",
    "KK-ENKAIKKI",
    "KK-ENKAIKKI1/2",
    "KK-ENVALT",
  ],
  "H70 lang=en primary=sv spec=neutral": [
    "KK-ENERI",
    "KK-ENG301",
    "KK-ENG302",
    "KK-ENG303",
    "KK-ENKAIKKI",
    "KK-ENKAIKKI1/2",
    "KK-ENVALT",
  ],
  "H70 lang=en primary=sv spec=spoken": [
    "KK-ENERI",
    "KK-ENG301",
    "KK-ENG302",
    "KK-ENG303",
    "KK-ENKAIKKI",
    "KK-ENKAIKKI1/2",
    "KK-ENVALT",
  ],
  "H70 lang=en primary=sv spec=written": [
    "KK-ENERI",
    "KK-ENG301",
    "KK-ENG302",
    "KK-ENG303",
    "KK-ENKAIKKI",
    "KK-ENKAIKKI1/2",
    "KK-ENVALT",
  ],
  "H70 lang=en primary=sv spec=writtenAndSpoken": [
    "KK-ENERI",
    "KK-ENG301",
    "KK-ENG302",
    "KK-ENG303",
    "KK-ENKAIKKI",
    "KK-ENKAIKKI1/2",
    "KK-ENVALT",
  ],
  "H70 lang=fi primary=fi spec=neutral": [],
  "H70 lang=fi primary=fi spec=spoken": [
    "KK-AIAKVU2OP",
    "KK-AIAKVUERI",
  ],
  "H70 lang=fi primary=fi spec=written": [
    "KK-AIAKTE2OP",
  ],
  "H70 lang=fi primary=fi spec=writtenAndSpoken": [
    "KK-AIAKTE2OP",
    "KK-AIAKVU2OP",
    "KK-AIAKVUERI",
  ],
  "H70 lang=fi primary=sv spec=neutral": [
    "KK-FIN01",
    "KK-FIN02",
    "KK-FIN08",
    "KK-FINMU",
  ],
  "H70 lang=fi primary=sv spec=spoken": [
    "KK-FIN01",
    "KK-FIN02",
    "KK-FIN08",
    "KK-FINMU",
  ],
  "H70 lang=fi primary=sv spec=written": [
    "KK-FIN01",
    "KK-FIN02",
    "KK-FIN08",
    "KK-FINMU",
  ],
  "H70 lang=fi primary=sv spec=writtenAndSpoken": [
    "KK-FIN01",
    "KK-FIN02",
    "KK-FIN08",
    "KK-FINMU",
  ],
  "H70 lang=sv primary=fi spec=neutral": [
    "KK-RUERI",
    "KK-RUKAIKKI",
    "KK-RUO204",
    "KK-RUO205",
    "KK-RUO206",
    "KK-RUVALT",
  ],
  "H70 lang=sv primary=fi spec=spoken": [
    "KK-RUERI",
    "KK-RUKAIKKI",
    "KK-RUO204",
    "KK-RUO205",
    "KK-RUO206",
    "KK-RUVALT",
  ],
  "H70 lang=sv primary=fi spec=written": [
    "KK-RUERI",
    "KK-RUKAIKKI",
    "KK-RUO204",
    "KK-RUO205",
    "KK-RUO206",
    "KK-RUVALT",
  ],
  "H70 lang=sv primary=fi spec=writtenAndSpoken": [
    "KK-RUERI",
    "KK-RUKAIKKI",
    "KK-RUO204",
    "KK-RUO205",
    "KK-RUO206",
    "KK-RUVALT",
  ],
  "H70 lang=sv primary=sv spec=neutral": [],
  "H70 lang=sv primary=sv spec=spoken": [
    "KK-MOAKKO2SP",
  ],
  "H70 lang=sv primary=sv spec=written": [
    "KK-MOAKSK2SP",
  ],
  "H70 lang=sv primary=sv spec=writtenAndSpoken": [
    "KK-MOAKKO2SP",
    "KK-MOAKSK2SP",
  ],
  "H74 lang=en primary=fi spec=neutral": [
    "KK-ENERI",
    "KK-ENG301",
    "KK-ENG302",
    "KK-ENG303",
    "KK-ENKAIKKI",
    "KK-ENKAIKKI1/2",
    "KK-ENVALT",
  ],
  "H74 lang=en primary=fi spec=spoken": [
    "KK-ENERI",
    "KK-ENG301",
    "KK-ENG302",
    "KK-ENG303",
    "KK-ENKAIKKI",
    "KK-ENKAIKKI1/2",
    "KK-ENVALT",
  ],
  "H74 lang=en primary=fi spec=written": [
    "KK-ENERI",
    "KK-ENG301",
    "KK-ENG302",
    "KK-ENG303",
    "KK-ENKAIKKI",
    "KK-ENKAIKKI1/2",
    "KK-ENVALT",
  ],
  "H74 lang=en primary=fi spec=writtenAndSpoken": [
    "KK-ENERI",
    "KK-ENG301",
    "KK-ENG302",
    "KK-ENG303",
    "KK-ENKAIKKI",
    "KK-ENKAIKKI1/2",
    "KK-ENVALT",
  ],
  "H74 lang=en primary=sv spec=neutral": [
    "KK-ENERI",
    "KK-ENG301",
    "KK-ENG302",
    "KK-ENG303",
    "KK-ENKAIKKI",
    "KK-ENKAIKKI1/2",
    "KK-ENVALT",
  ],
  "H74 lang=en primary=sv spec=spoken": [
    "KK-ENERI",
    "KK-ENG301",
    "KK-ENG302",
    "KK-ENG303",
    "KK-ENKAIKKI",
    "KK-ENKAIKKI1/2",
    "KK-ENVALT",
  ],
  "H74 lang=en primary=sv spec=written": [
    "KK-ENERI",
    "KK-ENG301",
    "KK-ENG302",
    "KK-ENG303",
    "KK-ENKAIKKI",
    "KK-ENKAIKKI1/2",
    "KK-ENVALT",
  ],
  "H74 lang=en primary=sv spec=writtenAndSpoken": [
    "KK-ENERI",
    "KK-ENG301",
    "KK-ENG302",
    "KK-ENG303",
    "KK-ENKAIKKI",
    "KK-ENKAIKKI1/2",
    "KK-ENVALT",
  ],
  "H74 lang=fi primary=fi spec=neutral": [],
  "H74 lang=fi primary=fi spec=spoken": [
    "KK-AIAKVU1OP",
    "KK-AIAKVUERI",
  ],
  "H74 lang=fi primary=fi spec=written": [
    "KK-AIAKTE2OP",
  ],
  "H74 lang=fi primary=fi spec=writtenAndSpoken": [
    "KK-AIAKTE2OP",
    "KK-AIAKVU1OP",
    "KK-AIAKVUERI",
  ],
  "H74 lang=fi primary=sv spec=neutral": [
    "KK-FIN01",
    "KK-FIN02",
    "KK-FIN08",
    "KK-FINMU",
  ],
  "H74 lang=fi primary=sv spec=spoken": [
    "KK-FIN01",
    "KK-FIN02",
    "KK-FIN08",
    "KK-FINMU",
  ],
  "H74 lang=fi primary=sv spec=written": [
    "KK-FIN01",
    "KK-FIN02",
    "KK-FIN08",
    "KK-FINMU",
  ],
  "H74 lang=fi primary=sv spec=writtenAndSpoken": [
    "KK-FIN01",
    "KK-FIN02",
    "KK-FIN08",
    "KK-FINMU",
  ],
  "H74 lang=sv primary=fi spec=neutral": [
    "KK-RUERI",
    "KK-RUKAIKKI",
    "KK-RUO204",
    "KK-RUO205",
    "KK-RUO206",
    "KK-RUVALT",
  ],
  "H74 lang=sv primary=fi spec=spoken": [
    "KK-RUERI",
    "KK-RUKAIKKI",
    "KK-RUO204",
    "KK-RUO205",
    "KK-RUO206",
    "KK-RUVALT",
  ],
  "H74 lang=sv primary=fi spec=written": [
    "KK-RUERI",
    "KK-RUKAIKKI",
    "KK-RUO204",
    "KK-RUO205",
    "KK-RUO206",
    "KK-RUVALT",
  ],
  "H74 lang=sv primary=fi spec=writtenAndSpoken": [
    "KK-RUERI",
    "KK-RUKAIKKI",
    "KK-RUO204",
    "KK-RUO205",
    "KK-RUO206",
    "KK-RUVALT",
  ],
  "H74 lang=sv primary=sv spec=neutral": [],
  "H74 lang=sv primary=sv spec=spoken": [
    "KK-MOAKKO1SP",
  ],
  "H74 lang=sv primary=sv spec=written": [
    "KK-MOAKSK2SP",
  ],
  "H74 lang=sv primary=sv spec=writtenAndSpoken": [
    "KK-MOAKKO1SP",
    "KK-MOAKSK2SP",
  ],
  "H80 lang=en primary=fi spec=neutral": [
    "KK-ENERI",
    "KK-ENG301",
    "KK-ENG302",
    "KK-ENG303",
    "KK-ENKAIKKI",
    "KK-ENKAIKKI1/2",
    "KK-ENMAME",
    "KK-ENMAME1",
    "KK-ENMAME2",
  ],
  "H80 lang=en primary=fi spec=spoken": [
    "KK-ENERI",
    "KK-ENG301",
    "KK-ENG302",
    "KK-ENG303",
    "KK-ENKAIKKI",
    "KK-ENKAIKKI1/2",
    "KK-ENMAME",
    "KK-ENMAME1",
    "KK-ENMAME2",
  ],
  "H80 lang=en primary=fi spec=written": [
    "KK-ENERI",
    "KK-ENG301",
    "KK-ENG302",
    "KK-ENG303",
    "KK-ENKAIKKI",
    "KK-ENKAIKKI1/2",
    "KK-ENMAME",
    "KK-ENMAME1",
    "KK-ENMAME2",
  ],
  "H80 lang=en primary=fi spec=writtenAndSpoken": [
    "KK-ENERI",
    "KK-ENG301",
    "KK-ENG302",
    "KK-ENG303",
    "KK-ENKAIKKI",
    "KK-ENKAIKKI1/2",
    "KK-ENMAME",
    "KK-ENMAME1",
    "KK-ENMAME2",
  ],
  "H80 lang=en primary=sv spec=neutral": [
    "KK-ENERI",
    "KK-ENG301",
    "KK-ENG302",
    "KK-ENG303",
    "KK-ENKAIKKI",
    "KK-ENKAIKKI1/2",
    "KK-ENMAME",
    "KK-ENMAME1",
    "KK-ENMAME2",
  ],
  "H80 lang=en primary=sv spec=spoken": [
    "KK-ENERI",
    "KK-ENG301",
    "KK-ENG302",
    "KK-ENG303",
    "KK-ENKAIKKI",
    "KK-ENKAIKKI1/2",
    "KK-ENMAME",
    "KK-ENMAME1",
    "KK-ENMAME2",
  ],
  "H80 lang=en primary=sv spec=written": [
    "KK-ENERI",
    "KK-ENG301",
    "KK-ENG302",
    "KK-ENG303",
    "KK-ENKAIKKI",
    "KK-ENKAIKKI1/2",
    "KK-ENMAME",
    "KK-ENMAME1",
    "KK-ENMAME2",
  ],
  "H80 lang=en primary=sv spec=writtenAndSpoken": [
    "KK-ENERI",
    "KK-ENG301",
    "KK-ENG302",
    "KK-ENG303",
    "KK-ENKAIKKI",
    "KK-ENKAIKKI1/2",
    "KK-ENMAME",
    "KK-ENMAME1",
    "KK-ENMAME2",
  ],
  "H80 lang=fi primary=fi spec=neutral": [],
  "H80 lang=fi primary=fi spec=spoken": [
    "KK-AIAKVU1OP",
    "KK-AIAKVUERI",
  ],
  "H80 lang=fi primary=fi spec=written": [
    "KK-AIAKTE2OP",
  ],
  "H80 lang=fi primary=fi spec=writtenAndSpoken": [
    "KK-AIAKTE2OP",
    "KK-AIAKVU1OP",
    "KK-AIAKVUERI",
  ],
  "H80 lang=fi primary=sv spec=neutral": [
    "KK-FIN01",
    "KK-FIN02",
    "KK-FIN08",
    "KK-FINMU",
  ],
  "H80 lang=fi primary=sv spec=spoken": [
    "KK-FIN01",
    "KK-FIN02",
    "KK-FIN08",
    "KK-FINMU",
  ],
  "H80 lang=fi primary=sv spec=written": [
    "KK-FIN01",
    "KK-FIN02",
    "KK-FIN08",
    "KK-FINMU",
  ],
  "H80 lang=fi primary=sv spec=writtenAndSpoken": [
    "KK-FIN01",
    "KK-FIN02",
    "KK-FIN08",
    "KK-FINMU",
  ],
  "H80 lang=sv primary=fi spec=neutral": [
    "KK-RUERI",
    "KK-RUKAIKKI",
    "KK-RUMAME",
    "KK-RUO204",
    "KK-RUO205",
    "KK-RUO206",
  ],
  "H80 lang=sv primary=fi spec=spoken": [
    "KK-RUERI",
    "KK-RUKAIKKI",
    "KK-RUMAME",
    "KK-RUO204",
    "KK-RUO205",
    "KK-RUO206",
  ],
  "H80 lang=sv primary=fi spec=written": [
    "KK-RUERI",
    "KK-RUKAIKKI",
    "KK-RUMAME",
    "KK-RUO204",
    "KK-RUO205",
    "KK-RUO206",
  ],
  "H80 lang=sv primary=fi spec=writtenAndSpoken": [
    "KK-RUERI",
    "KK-RUKAIKKI",
    "KK-RUMAME",
    "KK-RUO204",
    "KK-RUO205",
    "KK-RUO206",
  ],
  "H80 lang=sv primary=sv spec=neutral": [],
  "H80 lang=sv primary=sv spec=spoken": [
    "KK-MOAKKO1SP",
  ],
  "H80 lang=sv primary=sv spec=written": [
    "KK-MOAKSK2SP",
  ],
  "H80 lang=sv primary=sv spec=writtenAndSpoken": [
    "KK-MOAKKO1SP",
    "KK-MOAKSK2SP",
  ],
  "H90 lang=en primary=fi spec=neutral": [
    "KK-ENELK",
    "KK-ENELK1",
    "KK-ENELK2",
    "KK-ENERI",
    "KK-ENG301",
    "KK-ENG302",
    "KK-ENG303",
    "KK-ENKAIKKI",
    "KK-ENKAIKKI1/2",
  ],
  "H90 lang=en primary=fi spec=spoken": [
    "KK-ENELK",
    "KK-ENELK1",
    "KK-ENELK2",
    "KK-ENERI",
    "KK-ENG301",
    "KK-ENG302",
    "KK-ENG303",
    "KK-ENKAIKKI",
    "KK-ENKAIKKI1/2",
  ],
  "H90 lang=en primary=fi spec=written": [
    "KK-ENELK",
    "KK-ENELK1",
    "KK-ENELK2",
    "KK-ENERI",
    "KK-ENG301",
    "KK-ENG302",
    "KK-ENG303",
    "KK-ENKAIKKI",
    "KK-ENKAIKKI1/2",
  ],
  "H90 lang=en primary=fi spec=writtenAndSpoken": [
    "KK-ENELK",
    "KK-ENELK1",
    "KK-ENELK2",
    "KK-ENERI",
    "KK-ENG301",
    "KK-ENG302",
    "KK-ENG303",
    "KK-ENKAIKKI",
    "KK-ENKAIKKI1/2",
  ],
  "H90 lang=en primary=sv spec=neutral": [
    "KK-ENELK",
    "KK-ENELK1",
    "KK-ENELK2",
    "KK-ENERI",
    "KK-ENG301",
    "KK-ENG302",
    "KK-ENG303",
    "KK-ENKAIKKI",
    "KK-ENKAIKKI1/2",
  ],
  "H90 lang=en primary=sv spec=spoken": [
    "KK-ENELK",
    "KK-ENELK1",
    "KK-ENELK2",
    "KK-ENERI",
    "KK-ENG301",
    "KK-ENG302",
    "KK-ENG303",
    "KK-ENKAIKKI",
    "KK-ENKAIKKI1/2",
  ],
  "H90 lang=en primary=sv spec=written": [
    "KK-ENELK",
    "KK-ENELK1",
    "KK-ENELK2",
    "KK-ENERI",
    "KK-ENG301",
    "KK-ENG302",
    "KK-ENG303",
    "KK-ENKAIKKI",
    "KK-ENKAIKKI1/2",
  ],
  "H90 lang=en primary=sv spec=writtenAndSpoken": [
    "KK-ENELK",
    "KK-ENELK1",
    "KK-ENELK2",
    "KK-ENERI",
    "KK-ENG301",
    "KK-ENG302",
    "KK-ENG303",
    "KK-ENKAIKKI",
    "KK-ENKAIKKI1/2",
  ],
  "H90 lang=fi primary=fi spec=neutral": [],
  "H90 lang=fi primary=fi spec=spoken": [
    "KK-AIAKVU1OP",
    "KK-AIAKVUERI",
  ],
  "H90 lang=fi primary=fi spec=written": [
    "KK-AIAKTE2OP",
  ],
  "H90 lang=fi primary=fi spec=writtenAndSpoken": [
    "KK-AIAKTE2OP",
    "KK-AIAKVU1OP",
    "KK-AIAKVUERI",
  ],
  "H90 lang=fi primary=sv spec=neutral": [
    "KK-FIN01",
    "KK-FIN02",
    "KK-FIN08",
    "KK-FINMU",
  ],
  "H90 lang=fi primary=sv spec=spoken": [
    "KK-FIN01",
    "KK-FIN02",
    "KK-FIN08",
    "KK-FINMU",
  ],
  "H90 lang=fi primary=sv spec=written": [
    "KK-FIN01",
    "KK-FIN02",
    "KK-FIN08",
    "KK-FINMU",
  ],
  "H90 lang=fi primary=sv spec=writtenAndSpoken": [
    "KK-FIN01",
    "KK-FIN02",
    "KK-FIN08",
    "KK-FINMU",
  ],
  "H90 lang=sv primary=fi spec=neutral": [
    "KK-RUELK",
    "KK-RUERI",
    "KK-RUO204",
    "KK-RUO205",
    "KK-RUO206",
  ],
  "H90 lang=sv primary=fi spec=spoken": [
    "KK-RUELK",
    "KK-RUERI",
    "KK-RUO204",
    "KK-RUO205",
    "KK-RUO206",
  ],
  "H90 lang=sv primary=fi spec=written": [
    "KK-RUELK",
    "KK-RUERI",
    "KK-RUO204",
    "KK-RUO205",
    "KK-RUO206",
  ],
  "H90 lang=sv primary=fi spec=writtenAndSpoken": [
    "KK-RUELK",
    "KK-RUERI",
    "KK-RUO204",
    "KK-RUO205",
    "KK-RUO206",
  ],
  "H90 lang=sv primary=sv spec=neutral": [],
  "H90 lang=sv primary=sv spec=spoken": [
    "KK-MOAKKO1SP",
  ],
  "H90 lang=sv primary=sv spec=written": [
    "KK-MOAKSK2SP",
  ],
  "H90 lang=sv primary=sv spec=writtenAndSpoken": [
    "KK-MOAKKO1SP",
    "KK-MOAKSK2SP",
  ],
}
`;
